../Core/Src/main.c:99:6:ReadDataFromSensors	24	static
../Core/Src/main.c:142:6:ProcessData	48	static
../Core/Src/main.c:208:6:SendDataToNodeMCU	56	static
../Core/Src/main.c:245:5:main	16	static
../Core/Src/main.c:316:6:SystemClock_Config	88	static
../Core/Src/main.c:362:13:MX_I2C2_Init	8	static
../Core/Src/main.c:396:13:MX_TIM3_Init	64	static
../Core/Src/main.c:455:13:MX_USART1_UART_Init	8	static
../Core/Src/main.c:488:13:MX_USART2_UART_Init	8	static
../Core/Src/main.c:521:13:MX_GPIO_Init	48	static
../Core/Src/main.c:561:6:Error_Handler	4	static,ignoring_inline_asm
