../Core/Src/main.c:89:6:ReadDataFromSensors	24	static
../Core/Src/main.c:130:6:ProcessData	72	static
../Core/Src/main.c:220:6:SendDataToNodeMCU	4	static
../Core/Src/main.c:233:5:main	8	static
../Core/Src/main.c:296:6:SystemClock_Config	88	static
../Core/Src/main.c:342:13:MX_I2C2_Init	8	static
../Core/Src/main.c:376:13:MX_TIM3_Init	64	static
../Core/Src/main.c:435:13:MX_USART1_UART_Init	8	static
../Core/Src/main.c:468:13:MX_USART2_UART_Init	8	static
../Core/Src/main.c:501:13:MX_GPIO_Init	48	static
../Core/Src/main.c:541:6:Error_Handler	4	static,ignoring_inline_asm
